
> fileora-temp@0.1.0 build
> next build

  Γû▓ Next.js 14.2.35
  - Environments: .env.local

   Creating an optimized production build ...
 Γ£ô Compiled successfully
   Linting and checking validity of types ...
node.exe : 
At line:1 char:1
+ & "C:\Program 
Files\nodejs/node.exe" 
"C:\Program 
Files\nodejs/node_mo 
...
+ ~~~~~~~~~~~~~~~~~~~~~
~~~~~~~~~~~~~~~~~~~~~~~
~~~~~~~~~~~~~~~~~~~~~~~
~~
    + CategoryInfo     
         : 
NotSpecified: (:    
String) [], RemoteExc  
  eption
    + 
FullyQualifiedError    
Id : NativeCommandErr  
  or
 
Failed to compile.

./src/app/(dashboard)/c
v-builder/[id]/page.tsx
10:42  Error: 
'FileText' is defined 
but never used.  @types
cript-eslint/no-unused-
vars

info  - Need to 
disable some ESLint 
rules? Learn more 
here: https://nextjs.or
g/docs/basic-features/e
slint#disabling-rules
